DKMS make.log for nvidia-390.154 for kernel 6.1.0-rc8 (x86_64)
Mon Dec  5 08:05:19 WIB 2022
make[1]: Entering directory '/home/lidg/cmp/kernel/linux-6.1-rc8'
warning: the compiler differs from the one used to build the kernel
  The kernel was built by: gcc (Ubuntu 12.2.0-3ubuntu1) 12.2.0
  You are using:           cc (Ubuntu 12.2.0-3ubuntu1) 12.2.0
make -f ./scripts/Makefile.build obj=/var/lib/dkms/nvidia/390.154/build need-builtin=1 need-modorder=1 
  printf '%s
'   nvidia/nv-frontend.o nvidia/nv-instance.o nvidia/nv-gpu-numa.o nvidia/nv.o nvidia/nv-acpi.o nvidia/nv-chrdev.o nvidia/nv-cray.o nvidia/nv-dma.o nvidia/nv-gvi.o nvidia/nv-i2c.o nvidia/nv-mempool.o nvidia/nv-mmap.o nvidia/nv-p2p.o nvidia/nv-pat.o nvidia/nv-procfs.o nvidia/nv-usermap.o nvidia/nv-vm.o nvidia/nv-vtophys.o nvidia/os-interface.o nvidia/os-mlock.o nvidia/os-pci.o nvidia/os-registry.o nvidia/os-usermap.o nvidia/nv-modeset-interface.o nvidia/nv-pci-table.o nvidia/nv-kthread-q.o nvidia/nv-kthread-q-selftest.o nvidia/nv-memdbg.o nvidia/nv-ibmnpu.o nvidia/nv-report-err.o nvidia/nv_uvm_interface.o nvidia/nvlink_linux.o nvidia/nv-kernel.o | awk '!x[$0]++ { print("/var/lib/dkms/nvidia/390.154/build/"$0) }' > /var/lib/dkms/nvidia/390.154/build/nvidia.mod
  ln -sf /var/lib/dkms/nvidia/390.154/build/nvidia/nv-kernel.o_binary /var/lib/dkms/nvidia/390.154/build/nvidia/nv-kernel.o
  printf '%s
'   nvidia-uvm/uvm_utils.o nvidia-uvm/uvm_common.o nvidia-uvm/uvm_linux.o nvidia-uvm/nvstatus.o nvidia-uvm/nvCpuUuid.o nvidia-uvm/uvm8.o nvidia-uvm/uvm8_tools.o nvidia-uvm/uvm8_global.o nvidia-uvm/uvm8_gpu.o nvidia-uvm/uvm8_gpu_isr.o nvidia-uvm/uvm8_procfs.o nvidia-uvm/uvm8_va_space.o nvidia-uvm/uvm8_gpu_semaphore.o nvidia-uvm/uvm8_mem.o nvidia-uvm/uvm8_rm_mem.o nvidia-uvm/uvm8_channel.o nvidia-uvm/uvm8_lock.o nvidia-uvm/uvm8_hal.o nvidia-uvm/uvm8_rb_tree.o nvidia-uvm/uvm8_range_tree.o nvidia-uvm/uvm8_range_allocator.o nvidia-uvm/uvm8_va_range.o nvidia-uvm/uvm8_va_block.o nvidia-uvm/uvm8_range_group.o nvidia-uvm/uvm8_gpu_replayable_faults.o nvidia-uvm/uvm8_gpu_non_replayable_faults.o nvidia-uvm/uvm8_gpu_access_counters.o nvidia-uvm/uvm8_perf_events.o nvidia-uvm/uvm8_perf_module.o nvidia-uvm/uvm8_mmu.o nvidia-uvm/uvm8_pte_batch.o nvidia-uvm/uvm8_tlb_batch.o nvidia-uvm/uvm8_push.o nvidia-uvm/uvm8_pushbuffer.o nvidia-uvm/uvm8_thread_context.o nvidia-uvm/uvm8_tracker.o nvidia-uvm/uvm8_kepler.o nvidia-uvm/uvm8_kepler_ce.o nvidia-uvm/uvm8_kepler_host.o nvidia-uvm/uvm8_kepler_mmu.o nvidia-uvm/uvm8_maxwell.o nvidia-uvm/uvm8_maxwell_host.o nvidia-uvm/uvm8_pascal.o nvidia-uvm/uvm8_pascal_ce.o nvidia-uvm/uvm8_pascal_host.o nvidia-uvm/uvm8_pascal_mmu.o nvidia-uvm/uvm8_pascal_fault_buffer.o nvidia-uvm/uvm8_volta_host.o nvidia-uvm/uvm8_volta_mmu.o nvidia-uvm/uvm8_volta.o nvidia-uvm/uvm8_volta_fault_buffer.o nvidia-uvm/uvm8_volta_access_counter_buffer.o nvidia-uvm/uvm8_policy.o nvidia-uvm/uvm8_perf_utils.o nvidia-uvm/uvm8_kvmalloc.o nvidia-uvm/uvm8_pmm_sysmem.o nvidia-uvm/uvm8_pmm_gpu.o nvidia-uvm/uvm8_migrate.o nvidia-uvm/uvm8_map_external.o nvidia-uvm/uvm8_user_channel.o nvidia-uvm/uvm8_hmm.o nvidia-uvm/uvm8_perf_heuristics.o nvidia-uvm/uvm8_perf_thrashing.o nvidia-uvm/uvm8_perf_prefetch.o nvidia-uvm/uvm8_test.o nvidia-uvm/uvm8_test_rng.o nvidia-uvm/uvm8_range_tree_test.o nvidia-uvm/uvm8_range_allocator_test.o nvidia-uvm/uvm8_gpu_semaphore_test.o nvidia-uvm/uvm8_mem_test.o nvidia-uvm/uvm8_rm_mem_test.o nvidia-uvm/uvm8_page_tree_test.o nvidia-uvm/uvm8_tracker_test.o nvidia-uvm/uvm8_push_test.o nvidia-uvm/uvm8_channel_test.o nvidia-uvm/uvm8_ce_test.o nvidia-uvm/uvm8_lock_test.o nvidia-uvm/uvm8_perf_utils_test.o nvidia-uvm/uvm8_kvmalloc_test.o nvidia-uvm/uvm8_pmm_test.o nvidia-uvm/uvm8_pmm_sysmem_test.o nvidia-uvm/uvm8_perf_events_test.o nvidia-uvm/uvm8_perf_module_test.o nvidia-uvm/uvm8_get_rm_ptes_test.o nvidia-uvm/uvm8_fault_buffer_flush_test.o nvidia-uvm/uvm8_mmu_test.o nvidia-uvm/uvm8_peer_identity_mappings_test.o nvidia-uvm/uvm8_va_block_test.o nvidia-uvm/uvm8_range_group_tree_test.o nvidia-uvm/uvm8_rb_tree_test.o | awk '!x[$0]++ { print("/var/lib/dkms/nvidia/390.154/build/"$0) }' > /var/lib/dkms/nvidia/390.154/build/nvidia-uvm.mod
  printf '%s
'   nvidia-modeset/nvidia-modeset-linux.o nvidia-modeset/nv-modeset-kernel.o | awk '!x[$0]++ { print("/var/lib/dkms/nvidia/390.154/build/"$0) }' > /var/lib/dkms/nvidia/390.154/build/nvidia-modeset.mod
  ln -sf /var/lib/dkms/nvidia/390.154/build/nvidia-modeset/nv-modeset-kernel.o_binary /var/lib/dkms/nvidia/390.154/build/nvidia-modeset/nv-modeset-kernel.o
  printf '%s
'   nvidia-drm/nvidia-drm.o nvidia-drm/nvidia-drm-drv.o nvidia-drm/nvidia-drm-utils.o nvidia-drm/nvidia-drm-crtc.o nvidia-drm/nvidia-drm-encoder.o nvidia-drm/nvidia-drm-connector.o nvidia-drm/nvidia-drm-gem.o nvidia-drm/nvidia-drm-fb.o nvidia-drm/nvidia-drm-modeset.o nvidia-drm/nvidia-drm-prime-fence.o nvidia-drm/nvidia-drm-linux.o nvidia-drm/nvidia-drm-helper.o nvidia-drm/nv-pci-table.o nvidia-drm/nvidia-drm-gem-nvkms-memory.o nvidia-drm/nvidia-drm-gem-user-memory.o | awk '!x[$0]++ { print("/var/lib/dkms/nvidia/390.154/build/"$0) }' > /var/lib/dkms/nvidia/390.154/build/nvidia-drm.mod
 CONFTEST: INIT_WORK
 CONFTEST: remap_pfn_range
 CONFTEST: hash__remap_4k_pfn
 CONFTEST: follow_pfn
 CONFTEST: vmap
 CONFTEST: set_pages_uc
 CONFTEST: list_is_first
 CONFTEST: set_memory_uc
 CONFTEST: set_memory_array_uc
 CONFTEST: change_page_attr
 CONFTEST: pci_get_class
 CONFTEST: pci_choose_state
 CONFTEST: vm_insert_page
 CONFTEST: acpi_device_id
 CONFTEST: acquire_console_sem
 CONFTEST: console_lock
 CONFTEST: kmem_cache_create
 CONFTEST: on_each_cpu
 CONFTEST: smp_call_function
 CONFTEST: acpi_evaluate_integer
 CONFTEST: ioremap_cache
 CONFTEST: ioremap_wc
 CONFTEST: acpi_walk_namespace
 CONFTEST: pci_domain_nr
 CONFTEST: dma_mapping_error
 CONFTEST: sg_alloc_table
 CONFTEST: sg_init_table
 CONFTEST: pci_get_domain_bus_and_slot
 CONFTEST: get_num_physpages
 CONFTEST: efi_enabled
 CONFTEST: proc_create_data
 CONFTEST: pde_data
 CONFTEST: PDE_DATA
 CONFTEST: proc_remove
 CONFTEST: pm_vt_switch_required
 CONFTEST: xen_ioemu_inject_msi
 CONFTEST: phys_to_dma
 CONFTEST: get_dma_ops
 CONFTEST: write_cr4
 CONFTEST: of_get_property
 CONFTEST: of_find_node_by_phandle
 CONFTEST: of_node_to_nid
 CONFTEST: pnv_pci_get_npu_dev
 CONFTEST: for_each_online_node
 CONFTEST: node_end_pfn
 CONFTEST: pci_bus_address
 CONFTEST: pci_stop_and_remove_bus_device
 CONFTEST: pci_remove_bus_device
 CONFTEST: request_threaded_irq
 CONFTEST: register_cpu_notifier
 CONFTEST: cpuhp_setup_state
 CONFTEST: dma_map_resource
 CONFTEST: backlight_device_register
 CONFTEST: register_acpi_notifier
 CONFTEST: timer_setup
 CONFTEST: kmem_cache_create_usercopy
 CONFTEST: do_gettimeofday
 CONFTEST: dma_direct_map_resource
 CONFTEST: vmf_insert_pfn
 CONFTEST: jiffies_to_timespec
 CONFTEST: ktime_get_raw_ts64
 CONFTEST: ktime_get_real_ts64
 CONFTEST: ioremap_nocache
 CONFTEST: vga_tryget
 CONFTEST: unsafe_follow_pfn
 CONFTEST: acpi_bus_get_device
 CONFTEST: remap_page_range
 CONFTEST: address_space_init_once
 CONFTEST: kbasename
 CONFTEST: fatal_signal_pending
 CONFTEST: list_cut_position
 CONFTEST: vzalloc
 CONFTEST: wait_on_bit_lock_argument_count
 CONFTEST: bitmap_clear
 CONFTEST: usleep_range
 CONFTEST: radix_tree_empty
 CONFTEST: radix_tree_replace_slot
 CONFTEST: drm_dev_unref
 CONFTEST: drm_reinit_primary_mode_group
 CONFTEST: get_user_pages_remote
 CONFTEST: get_user_pages
 CONFTEST: drm_gem_object_lookup
 CONFTEST: drm_atomic_state_ref_counting
 CONFTEST: drm_driver_has_gem_prime_res_obj
 CONFTEST: drm_atomic_helper_connector_dpms
 CONFTEST: drm_connector_funcs_have_mode_in_name
 CONFTEST: drm_framebuffer_get
 CONFTEST: drm_gem_object_get
 CONFTEST: drm_dev_put
 CONFTEST: drm_connector_for_each_possible_encoder
 CONFTEST: drm_gem_object_put_unlocked
 CONFTEST: is_export_symbol_gpl_of_node_to_nid
 CONFTEST: is_export_symbol_present_swiotlb_map_sg_attrs
 CONFTEST: is_export_symbol_present_swiotlb_dma_ops
 CONFTEST: i2c_adapter
 CONFTEST: pm_message_t
 CONFTEST: irq_handler_t
 CONFTEST: acpi_device_ops
 CONFTEST: acpi_op_remove
 CONFTEST: outer_flush_all
 CONFTEST: proc_dir_entry
 CONFTEST: scatterlist
 CONFTEST: sg_table
 CONFTEST: file_operations
 CONFTEST: vm_operations_struct
 CONFTEST: atomic_long_type
 CONFTEST: pci_save_state
 CONFTEST: file_inode
 CONFTEST: task_struct
 CONFTEST: kuid_t
 CONFTEST: dma_ops
 CONFTEST: swiotlb_dma_ops
 CONFTEST: dma_map_ops
 CONFTEST: noncoherent_swiotlb_dma_ops
 CONFTEST: vm_fault_present
 CONFTEST: vm_fault_has_address
 CONFTEST: kernel_write
 CONFTEST: strnstr
 CONFTEST: iterate_dir
 CONFTEST: kstrtoull
 CONFTEST: backlight_properties_type
 CONFTEST: proc_ops
 CONFTEST: timeval
 CONFTEST: mm_has_mmap_lock
 CONFTEST: kmem_cache_has_kobj_remove_work
 CONFTEST: sysfs_slab_unlink
 CONFTEST: vmalloc_has_pgprot_t_arg
 CONFTEST: pci_dev_has_skip_bus_pm
 CONFTEST: pci_channel_state
 CONFTEST: fault_flags
 CONFTEST: atomic64_type
 CONFTEST: address_space
 CONFTEST: backing_dev_info
 CONFTEST: mm_context_t
 CONFTEST: vm_ops_fault_removed_vma_arg
 CONFTEST: vm_fault_t
 CONFTEST: pnv_npu2_init_context
 CONFTEST: drm_bus_present
 CONFTEST: drm_bus_has_bus_type
 CONFTEST: drm_bus_has_get_irq
 CONFTEST: drm_bus_has_get_name
 CONFTEST: drm_driver_has_device_list
 CONFTEST: drm_driver_has_legacy_dev_list
 CONFTEST: drm_driver_has_set_busid
 CONFTEST: drm_crtc_state_has_connectors_changed
 CONFTEST: drm_init_function_args
 CONFTEST: drm_mode_connector_list_update_has_merge_type_bits_arg
 CONFTEST: drm_helper_mode_fill_fb_struct
 CONFTEST: drm_master_drop_has_from_release_arg
 CONFTEST: drm_driver_unload_has_int_return_type
 CONFTEST: kref_has_refcount_of_type_refcount_t
 CONFTEST: drm_atomic_helper_crtc_destroy_state_has_crtc_arg
 CONFTEST: drm_mode_object_find_has_file_priv_arg
 CONFTEST: drm_connector_list_iter
 CONFTEST: drm_atomic_helper_swap_state_has_stall_arg
 CONFTEST: drm_driver_prime_flag_present
 CONFTEST: drm_gem_prime_export_has_dev_arg
 CONFTEST: drm_gem_object_has_resv
 CONFTEST: drm_display_mode_has_vrefresh
 CONFTEST: drm_driver_master_set_has_int_return_type
 CONFTEST: drm_driver_has_gem_free_object
 CONFTEST: drm_prime_pages_to_sg_has_drm_device_arg
 CONFTEST: drm_driver_has_gem_prime_callbacks
 CONFTEST: drm_crtc_atomic_check_has_atomic_state_arg
 CONFTEST: drm_gem_object_vmap_has_map_arg
 CONFTEST: drm_plane_atomic_check_has_atomic_state_arg
 CONFTEST: drm_device_has_pdev
 CONFTEST: dma_resv_add_fence
 CONFTEST: dma_resv_reserve_fences
 CONFTEST: reservation_object_reserve_shared_has_num_fences_arg
 CONFTEST: dom0_kernel_present
 CONFTEST: nvidia_vgpu_kvm_build
 CONFTEST: nvidia_grid_build
 CONFTEST: drm_available
 CONFTEST: drm_atomic_available
 CONFTEST: is_export_symbol_gpl_refcount_inc
 CONFTEST: is_export_symbol_gpl_refcount_dec_and_test
  cc -Wp,-MMD,/var/lib/dkms/nvidia/390.154/build/nvidia/.nv-frontend.o.d -nostdinc -I./arch/x86/include -I./arch/x86/include/generated  -I./include -I./arch/x86/include/uapi -I./arch/x86/include/generated/uapi -I./include/uapi -I./include/generated/uapi -include ./include/linux/compiler-version.h -include ./include/linux/kconfig.h -include ./include/linux/compiler_types.h -D__KERNEL__ -fmacro-prefix-map=./= -Wall -Wundef -Werror=strict-prototypes -Wno-trigraphs -fno-strict-aliasing -fno-common -fshort-wchar -fno-PIE -Werror=implicit-function-declaration -Werror=implicit-int -Werror=return-type -Wno-format-security -std=gnu11 -mno-sse -mno-mmx -mno-sse2 -mno-3dnow -mno-avx -fcf-protection=none -m64 -falign-jumps=1 -falign-loops=1 -mno-80387 -mno-fp-ret-in-387 -mpreferred-stack-boundary=3 -mskip-rax-setup -mtune=generic -mno-red-zone -mcmodel=kernel -Wno-sign-compare -fno-asynchronous-unwind-tables -mindirect-branch=thunk-extern -mindirect-branch-register -mindirect-branch-cs-prefix -mfunction-return=thunk-extern -fno-jump-tables -fno-delete-null-pointer-checks -Wno-frame-address -Wno-format-truncation -Wno-format-overflow -Wno-address-of-packed-member -O2 -fno-allow-store-data-races -Wframe-larger-than=1024 -fstack-protector-strong -Wno-main -Wno-unused-but-set-variable -Wno-unused-const-variable -Wno-dangling-pointer -fomit-frame-pointer -fno-stack-clash-protection -Wdeclaration-after-statement -Wvla -Wno-pointer-sign -Wcast-function-type -Wno-stringop-truncation -Wno-stringop-overflow -Wno-restrict -Wno-maybe-uninitialized -Wno-array-bounds -Wno-alloc-size-larger-than -Wimplicit-fallthrough=5 -fno-strict-overflow -fno-stack-check -fconserve-stack -Werror=date-time -Werror=incompatible-pointer-types -Werror=designated-init -Wno-packed-not-aligned -I/var/lib/dkms/nvidia/390.154/build/common/inc -I/var/lib/dkms/nvidia/390.154/build -Wall -MD -Wsign-compare -Wno-cast-qual -Wno-error -D__KERNEL__ -DMODULE -DNVRM -DNV_VERSION_STRING=\"390.154\" -Wno-unused-function -Wuninitialized -fno-strict-aliasing -mno-red-zone -mcmodel=kernel -DNV_UVM_ENABLE -Wno-sign-compare -Wno-format-extra-args -Werror=undef -DNV_SPECTRE_V2=0 -DNV_KERNEL_INTERFACE_LAYER -I/var/lib/dkms/nvidia/390.154/build/nvidia -DNV_BUILD_MODULE_INSTANCES=0 -DNVIDIA_UNDEF_LEGACY_BIT_MACROS -UDEBUG -U_DEBUG -DNDEBUG  -DMODULE  -DKBUILD_BASENAME='"nv_frontend"' -DKBUILD_MODNAME='"nvidia"' -D__KBUILD_MODNAME=kmod_nvidia -c -o /var/lib/dkms/nvidia/390.154/build/nvidia/nv-frontend.o /var/lib/dkms/nvidia/390.154/build/nvidia/nv-frontend.c   ; ./tools/objtool/objtool --hacks=jump_label --hacks=noinstr --orc --retpoline --rethunk --static-call --uaccess   --module /var/lib/dkms/nvidia/390.154/build/nvidia/nv-frontend.o
  cc -Wp,-MMD,/var/lib/dkms/nvidia/390.154/build/nvidia/.nv-instance.o.d -nostdinc -I./arch/x86/include -I./arch/x86/include/generated  -I./include -I./arch/x86/include/uapi -I./arch/x86/include/generated/uapi -I./include/uapi -I./include/generated/uapi -include ./include/linux/compiler-version.h -include ./include/linux/kconfig.h -include ./include/linux/compiler_types.h -D__KERNEL__ -fmacro-prefix-map=./= -Wall -Wundef -Werror=strict-prototypes -Wno-trigraphs -fno-strict-aliasing -fno-common -fshort-wchar -fno-PIE -Werror=implicit-function-declaration -Werror=implicit-int -Werror=return-type -Wno-format-security -std=gnu11 -mno-sse -mno-mmx -mno-sse2 -mno-3dnow -mno-avx -fcf-protection=none -m64 -falign-jumps=1 -falign-loops=1 -mno-80387 -mno-fp-ret-in-387 -mpreferred-stack-boundary=3 -mskip-rax-setup -mtune=generic -mno-red-zone -mcmodel=kernel -Wno-sign-compare -fno-asynchronous-unwind-tables -mindirect-branch=thunk-extern -mindirect-branch-register -mindirect-branch-cs-prefix -mfunction-return=thunk-extern -fno-jump-tables -fno-delete-null-pointer-checks -Wno-frame-address -Wno-format-truncation -Wno-format-overflow -Wno-address-of-packed-member -O2 -fno-allow-store-data-races -Wframe-larger-than=1024 -fstack-protector-strong -Wno-main -Wno-unused-but-set-variable -Wno-unused-const-variable -Wno-dangling-pointer -fomit-frame-pointer -fno-stack-clash-protection -Wdeclaration-after-statement -Wvla -Wno-pointer-sign -Wcast-function-type -Wno-stringop-truncation -Wno-stringop-overflow -Wno-restrict -Wno-maybe-uninitialized -Wno-array-bounds -Wno-alloc-size-larger-than -Wimplicit-fallthrough=5 -fno-strict-overflow -fno-stack-check -fconserve-stack -Werror=date-time -Werror=incompatible-pointer-types -Werror=designated-init -Wno-packed-not-aligned -I/var/lib/dkms/nvidia/390.154/build/common/inc -I/var/lib/dkms/nvidia/390.154/build -Wall -MD -Wsign-compare -Wno-cast-qual -Wno-error -D__KERNEL__ -DMODULE -DNVRM -DNV_VERSION_STRING=\"390.154\" -Wno-unused-function -Wuninitialized -fno-strict-aliasing -mno-red-zone -mcmodel=kernel -DNV_UVM_ENABLE -Wno-sign-compare -Wno-format-extra-args -Werror=undef -DNV_SPECTRE_V2=0 -DNV_KERNEL_INTERFACE_LAYER -I/var/lib/dkms/nvidia/390.154/build/nvidia -DNV_BUILD_MODULE_INSTANCES=0 -DNVIDIA_UNDEF_LEGACY_BIT_MACROS -UDEBUG -U_DEBUG -DNDEBUG  -DMODULE  -DKBUILD_BASENAME='"nv_instance"' -DKBUILD_MODNAME='"nvidia"' -D__KBUILD_MODNAME=kmod_nvidia -c -o /var/lib/dkms/nvidia/390.154/build/nvidia/nv-instance.o /var/lib/dkms/nvidia/390.154/build/nvidia/nv-instance.c   ; ./tools/objtool/objtool --hacks=jump_label --hacks=noinstr --orc --retpoline --rethunk --static-call --uaccess   --module /var/lib/dkms/nvidia/390.154/build/nvidia/nv-instance.o
  cc -Wp,-MMD,/var/lib/dkms/nvidia/390.154/build/nvidia/.nv-gpu-numa.o.d -nostdinc -I./arch/x86/include -I./arch/x86/include/generated  -I./include -I./arch/x86/include/uapi -I./arch/x86/include/generated/uapi -I./include/uapi -I./include/generated/uapi -include ./include/linux/compiler-version.h -include ./include/linux/kconfig.h -include ./include/linux/compiler_types.h -D__KERNEL__ -fmacro-prefix-map=./= -Wall -Wundef -Werror=strict-prototypes -Wno-trigraphs -fno-strict-aliasing -fno-common -fshort-wchar -fno-PIE -Werror=implicit-function-declaration -Werror=implicit-int -Werror=return-type -Wno-format-security -std=gnu11 -mno-sse -mno-mmx -mno-sse2 -mno-3dnow -mno-avx -fcf-protection=none -m64 -falign-jumps=1 -falign-loops=1 -mno-80387 -mno-fp-ret-in-387 -mpreferred-stack-boundary=3 -mskip-rax-setup -mtune=generic -mno-red-zone -mcmodel=kernel -Wno-sign-compare -fno-asynchronous-unwind-tables -mindirect-branch=thunk-extern -mindirect-branch-register -mindirect-branch-cs-prefix -mfunction-return=thunk-extern -fno-jump-tables -fno-delete-null-pointer-checks -Wno-frame-address -Wno-format-truncation -Wno-format-overflow -Wno-address-of-packed-member -O2 -fno-allow-store-data-races -Wframe-larger-than=1024 -fstack-protector-strong -Wno-main -Wno-unused-but-set-variable -Wno-unused-const-variable -Wno-dangling-pointer -fomit-frame-pointer -fno-stack-clash-protection -Wdeclaration-after-statement -Wvla -Wno-pointer-sign -Wcast-function-type -Wno-stringop-truncation -Wno-stringop-overflow -Wno-restrict -Wno-maybe-uninitialized -Wno-array-bounds -Wno-alloc-size-larger-than -Wimplicit-fallthrough=5 -fno-strict-overflow -fno-stack-check -fconserve-stack -Werror=date-time -Werror=incompatible-pointer-types -Werror=designated-init -Wno-packed-not-aligned -I/var/lib/dkms/nvidia/390.154/build/common/inc -I/var/lib/dkms/nvidia/390.154/build -Wall -MD -Wsign-compare -Wno-cast-qual -Wno-error -D__KERNEL__ -DMODULE -DNVRM -DNV_VERSION_STRING=\"390.154\" -Wno-unused-function -Wuninitialized -fno-strict-aliasing -mno-red-zone -mcmodel=kernel -DNV_UVM_ENABLE -Wno-sign-compare -Wno-format-extra-args -Werror=undef -DNV_SPECTRE_V2=0 -DNV_KERNEL_INTERFACE_LAYER -I/var/lib/dkms/nvidia/390.154/build/nvidia -DNV_BUILD_MODULE_INSTANCES=0 -DNVIDIA_UNDEF_LEGACY_BIT_MACROS -UDEBUG -U_DEBUG -DNDEBUG  -DMODULE  -DKBUILD_BASENAME='"nv_gpu_numa"' -DKBUILD_MODNAME='"nvidia"' -D__KBUILD_MODNAME=kmod_nvidia -c -o /var/lib/dkms/nvidia/390.154/build/nvidia/nv-gpu-numa.o /var/lib/dkms/nvidia/390.154/build/nvidia/nv-gpu-numa.c   ; ./tools/objtool/objtool --hacks=jump_label --hacks=noinstr --orc --retpoline --rethunk --static-call --uaccess   --module /var/lib/dkms/nvidia/390.154/build/nvidia/nv-gpu-numa.o
  cc -Wp,-MMD,/var/lib/dkms/nvidia/390.154/build/nvidia/.nv.o.d -nostdinc -I./arch/x86/include -I./arch/x86/include/generated  -I./include -I./arch/x86/include/uapi -I./arch/x86/include/generated/uapi -I./include/uapi -I./include/generated/uapi -include ./include/linux/compiler-version.h -include ./include/linux/kconfig.h -include ./include/linux/compiler_types.h -D__KERNEL__ -fmacro-prefix-map=./= -Wall -Wundef -Werror=strict-prototypes -Wno-trigraphs -fno-strict-aliasing -fno-common -fshort-wchar -fno-PIE -Werror=implicit-function-declaration -Werror=implicit-int -Werror=return-type -Wno-format-security -std=gnu11 -mno-sse -mno-mmx -mno-sse2 -mno-3dnow -mno-avx -fcf-protection=none -m64 -falign-jumps=1 -falign-loops=1 -mno-80387 -mno-fp-ret-in-387 -mpreferred-stack-boundary=3 -mskip-rax-setup -mtune=generic -mno-red-zone -mcmodel=kernel -Wno-sign-compare -fno-asynchronous-unwind-tables -mindirect-branch=thunk-extern -mindirect-branch-register -mindirect-branch-cs-prefix -mfunction-return=thunk-extern -fno-jump-tables -fno-delete-null-pointer-checks -Wno-frame-address -Wno-format-truncation -Wno-format-overflow -Wno-address-of-packed-member -O2 -fno-allow-store-data-races -Wframe-larger-than=1024 -fstack-protector-strong -Wno-main -Wno-unused-but-set-variable -Wno-unused-const-variable -Wno-dangling-pointer -fomit-frame-pointer -fno-stack-clash-protection -Wdeclaration-after-statement -Wvla -Wno-pointer-sign -Wcast-function-type -Wno-stringop-truncation -Wno-stringop-overflow -Wno-restrict -Wno-maybe-uninitialized -Wno-array-bounds -Wno-alloc-size-larger-than -Wimplicit-fallthrough=5 -fno-strict-overflow -fno-stack-check -fconserve-stack -Werror=date-time -Werror=incompatible-pointer-types -Werror=designated-init -Wno-packed-not-aligned -I/var/lib/dkms/nvidia/390.154/build/common/inc -I/var/lib/dkms/nvidia/390.154/build -Wall -MD -Wsign-compare -Wno-cast-qual -Wno-error -D__KERNEL__ -DMODULE -DNVRM -DNV_VERSION_STRING=\"390.154\" -Wno-unused-function -Wuninitialized -fno-strict-aliasing -mno-red-zone -mcmodel=kernel -DNV_UVM_ENABLE -Wno-sign-compare -Wno-format-extra-args -Werror=undef -DNV_SPECTRE_V2=0 -DNV_KERNEL_INTERFACE_LAYER -I/var/lib/dkms/nvidia/390.154/build/nvidia -DNV_BUILD_MODULE_INSTANCES=0 -DNVIDIA_UNDEF_LEGACY_BIT_MACROS -UDEBUG -U_DEBUG -DNDEBUG  -DMODULE  -DKBUILD_BASENAME='"nv"' -DKBUILD_MODNAME='"nvidia"' -D__KBUILD_MODNAME=kmod_nvidia -c -o /var/lib/dkms/nvidia/390.154/build/nvidia/nv.o /var/lib/dkms/nvidia/390.154/build/nvidia/nv.c   ; ./tools/objtool/objtool --hacks=jump_label --hacks=noinstr --orc --retpoline --rethunk --static-call --uaccess   --module /var/lib/dkms/nvidia/390.154/build/nvidia/nv.o
/var/lib/dkms/nvidia/390.154/build/nvidia/nv-gpu-numa.c: In function ‘gather_memblock_ids_for_node’:
/var/lib/dkms/nvidia/390.154/build/nvidia/nv-gpu-numa.c:232:47: warning: cast between incompatible function types from ‘int (*)(struct dir_context *, const char *, int,  loff_t,  u64,  unsigned int)’ {aka ‘int (*)(struct dir_context *, const char *, int,  long long int,  long long unsigned int,  unsigned int)’} to ‘bool (*)(struct dir_context *, const char *, int,  loff_t,  u64,  unsigned int)’ {aka ‘_Bool (*)(struct dir_context *, const char *, int,  long long int,  long long unsigned int,  unsigned int)’} [-Wcast-function-type]
  232 |     nv_dir_context_t ats_ctx = { .ctx.actor = (filldir_t)filldir_get_memblock_id };
      |                                               ^
  ./scripts/check-local-export /var/lib/dkms/nvidia/390.154/build/nvidia/nv-instance.o
   { echo ; echo '/var/lib/dkms/nvidia/390.154/build/nvidia/nv-instance.o: $(wildcard ./tools/objtool/objtool)' ; } >> /var/lib/dkms/nvidia/390.154/build/nvidia/.nv-instance.o.cmd
  cc -Wp,-MMD,/var/lib/dkms/nvidia/390.154/build/nvidia/.nv-acpi.o.d -nostdinc -I./arch/x86/include -I./arch/x86/include/generated  -I./include -I./arch/x86/include/uapi -I./arch/x86/include/generated/uapi -I./include/uapi -I./include/generated/uapi -include ./include/linux/compiler-version.h -include ./include/linux/kconfig.h -include ./include/linux/compiler_types.h -D__KERNEL__ -fmacro-prefix-map=./= -Wall -Wundef -Werror=strict-prototypes -Wno-trigraphs -fno-strict-aliasing -fno-common -fshort-wchar -fno-PIE -Werror=implicit-function-declaration -Werror=implicit-int -Werror=return-type -Wno-format-security -std=gnu11 -mno-sse -mno-mmx -mno-sse2 -mno-3dnow -mno-avx -fcf-protection=none -m64 -falign-jumps=1 -falign-loops=1 -mno-80387 -mno-fp-ret-in-387 -mpreferred-stack-boundary=3 -mskip-rax-setup -mtune=generic -mno-red-zone -mcmodel=kernel -Wno-sign-compare -fno-asynchronous-unwind-tables -mindirect-branch=thunk-extern -mindirect-branch-register -mindirect-branch-cs-prefix -mfunction-return=thunk-extern -fno-jump-tables -fno-delete-null-pointer-checks -Wno-frame-address -Wno-format-truncation -Wno-format-overflow -Wno-address-of-packed-member -O2 -fno-allow-store-data-races -Wframe-larger-than=1024 -fstack-protector-strong -Wno-main -Wno-unused-but-set-variable -Wno-unused-const-variable -Wno-dangling-pointer -fomit-frame-pointer -fno-stack-clash-protection -Wdeclaration-after-statement -Wvla -Wno-pointer-sign -Wcast-function-type -Wno-stringop-truncation -Wno-stringop-overflow -Wno-restrict -Wno-maybe-uninitialized -Wno-array-bounds -Wno-alloc-size-larger-than -Wimplicit-fallthrough=5 -fno-strict-overflow -fno-stack-check -fconserve-stack -Werror=date-time -Werror=incompatible-pointer-types -Werror=designated-init -Wno-packed-not-aligned -I/var/lib/dkms/nvidia/390.154/build/common/inc -I/var/lib/dkms/nvidia/390.154/build -Wall -MD -Wsign-compare -Wno-cast-qual -Wno-error -D__KERNEL__ -DMODULE -DNVRM -DNV_VERSION_STRING=\"390.154\" -Wno-unused-function -Wuninitialized -fno-strict-aliasing -mno-red-zone -mcmodel=kernel -DNV_UVM_ENABLE -Wno-sign-compare -Wno-format-extra-args -Werror=undef -DNV_SPECTRE_V2=0 -DNV_KERNEL_INTERFACE_LAYER -I/var/lib/dkms/nvidia/390.154/build/nvidia -DNV_BUILD_MODULE_INSTANCES=0 -DNVIDIA_UNDEF_LEGACY_BIT_MACROS -UDEBUG -U_DEBUG -DNDEBUG  -DMODULE  -DKBUILD_BASENAME='"nv_acpi"' -DKBUILD_MODNAME='"nvidia"' -D__KBUILD_MODNAME=kmod_nvidia -c -o /var/lib/dkms/nvidia/390.154/build/nvidia/nv-acpi.o /var/lib/dkms/nvidia/390.154/build/nvidia/nv-acpi.c   ; ./tools/objtool/objtool --hacks=jump_label --hacks=noinstr --orc --retpoline --rethunk --static-call --uaccess   --module /var/lib/dkms/nvidia/390.154/build/nvidia/nv-acpi.o
  ./scripts/check-local-export /var/lib/dkms/nvidia/390.154/build/nvidia/nv-gpu-numa.o
   { echo ; echo '/var/lib/dkms/nvidia/390.154/build/nvidia/nv-gpu-numa.o: $(wildcard ./tools/objtool/objtool)' ; } >> /var/lib/dkms/nvidia/390.154/build/nvidia/.nv-gpu-numa.o.cmd
  cc -Wp,-MMD,/var/lib/dkms/nvidia/390.154/build/nvidia/.nv-chrdev.o.d -nostdinc -I./arch/x86/include -I./arch/x86/include/generated  -I./include -I./arch/x86/include/uapi -I./arch/x86/include/generated/uapi -I./include/uapi -I./include/generated/uapi -include ./include/linux/compiler-version.h -include ./include/linux/kconfig.h -include ./include/linux/compiler_types.h -D__KERNEL__ -fmacro-prefix-map=./= -Wall -Wundef -Werror=strict-prototypes -Wno-trigraphs -fno-strict-aliasing -fno-common -fshort-wchar -fno-PIE -Werror=implicit-function-declaration -Werror=implicit-int -Werror=return-type -Wno-format-security -std=gnu11 -mno-sse -mno-mmx -mno-sse2 -mno-3dnow -mno-avx -fcf-protection=none -m64 -falign-jumps=1 -falign-loops=1 -mno-80387 -mno-fp-ret-in-387 -mpreferred-stack-boundary=3 -mskip-rax-setup -mtune=generic -mno-red-zone -mcmodel=kernel -Wno-sign-compare -fno-asynchronous-unwind-tables -mindirect-branch=thunk-extern -mindirect-branch-register -mindirect-branch-cs-prefix -mfunction-return=thunk-extern -fno-jump-tables -fno-delete-null-pointer-checks -Wno-frame-address -Wno-format-truncation -Wno-format-overflow -Wno-address-of-packed-member -O2 -fno-allow-store-data-races -Wframe-larger-than=1024 -fstack-protector-strong -Wno-main -Wno-unused-but-set-variable -Wno-unused-const-variable -Wno-dangling-pointer -fomit-frame-pointer -fno-stack-clash-protection -Wdeclaration-after-statement -Wvla -Wno-pointer-sign -Wcast-function-type -Wno-stringop-truncation -Wno-stringop-overflow -Wno-restrict -Wno-maybe-uninitialized -Wno-array-bounds -Wno-alloc-size-larger-than -Wimplicit-fallthrough=5 -fno-strict-overflow -fno-stack-check -fconserve-stack -Werror=date-time -Werror=incompatible-pointer-types -Werror=designated-init -Wno-packed-not-aligned -I/var/lib/dkms/nvidia/390.154/build/common/inc -I/var/lib/dkms/nvidia/390.154/build -Wall -MD -Wsign-compare -Wno-cast-qual -Wno-error -D__KERNEL__ -DMODULE -DNVRM -DNV_VERSION_STRING=\"390.154\" -Wno-unused-function -Wuninitialized -fno-strict-aliasing -mno-red-zone -mcmodel=kernel -DNV_UVM_ENABLE -Wno-sign-compare -Wno-format-extra-args -Werror=undef -DNV_SPECTRE_V2=0 -DNV_KERNEL_INTERFACE_LAYER -I/var/lib/dkms/nvidia/390.154/build/nvidia -DNV_BUILD_MODULE_INSTANCES=0 -DNVIDIA_UNDEF_LEGACY_BIT_MACROS -UDEBUG -U_DEBUG -DNDEBUG  -DMODULE  -DKBUILD_BASENAME='"nv_chrdev"' -DKBUILD_MODNAME='"nvidia"' -D__KBUILD_MODNAME=kmod_nvidia -c -o /var/lib/dkms/nvidia/390.154/build/nvidia/nv-chrdev.o /var/lib/dkms/nvidia/390.154/build/nvidia/nv-chrdev.c   ; ./tools/objtool/objtool --hacks=jump_label --hacks=noinstr --orc --retpoline --rethunk --static-call --uaccess   --module /var/lib/dkms/nvidia/390.154/build/nvidia/nv-chrdev.o
  ./scripts/check-local-export /var/lib/dkms/nvidia/390.154/build/nvidia/nv-frontend.o
   { echo ; echo '/var/lib/dkms/nvidia/390.154/build/nvidia/nv-frontend.o: $(wildcard ./tools/objtool/objtool)' ; } >> /var/lib/dkms/nvidia/390.154/build/nvidia/.nv-frontend.o.cmd
  cc -Wp,-MMD,/var/lib/dkms/nvidia/390.154/build/nvidia/.nv-cray.o.d -nostdinc -I./arch/x86/include -I./arch/x86/include/generated  -I./include -I./arch/x86/include/uapi -I./arch/x86/include/generated/uapi -I./include/uapi -I./include/generated/uapi -include ./include/linux/compiler-version.h -include ./include/linux/kconfig.h -include ./include/linux/compiler_types.h -D__KERNEL__ -fmacro-prefix-map=./= -Wall -Wundef -Werror=strict-prototypes -Wno-trigraphs -fno-strict-aliasing -fno-common -fshort-wchar -fno-PIE -Werror=implicit-function-declaration -Werror=implicit-int -Werror=return-type -Wno-format-security -std=gnu11 -mno-sse -mno-mmx -mno-sse2 -mno-3dnow -mno-avx -fcf-protection=none -m64 -falign-jumps=1 -falign-loops=1 -mno-80387 -mno-fp-ret-in-387 -mpreferred-stack-boundary=3 -mskip-rax-setup -mtune=generic -mno-red-zone -mcmodel=kernel -Wno-sign-compare -fno-asynchronous-unwind-tables -mindirect-branch=thunk-extern -mindirect-branch-register -mindirect-branch-cs-prefix -mfunction-return=thunk-extern -fno-jump-tables -fno-delete-null-pointer-checks -Wno-frame-address -Wno-format-truncation -Wno-format-overflow -Wno-address-of-packed-member -O2 -fno-allow-store-data-races -Wframe-larger-than=1024 -fstack-protector-strong -Wno-main -Wno-unused-but-set-variable -Wno-unused-const-variable -Wno-dangling-pointer -fomit-frame-pointer -fno-stack-clash-protection -Wdeclaration-after-statement -Wvla -Wno-pointer-sign -Wcast-function-type -Wno-stringop-truncation -Wno-stringop-overflow -Wno-restrict -Wno-maybe-uninitialized -Wno-array-bounds -Wno-alloc-size-larger-than -Wimplicit-fallthrough=5 -fno-strict-overflow -fno-stack-check -fconserve-stack -Werror=date-time -Werror=incompatible-pointer-types -Werror=designated-init -Wno-packed-not-aligned -I/var/lib/dkms/nvidia/390.154/build/common/inc -I/var/lib/dkms/nvidia/390.154/build -Wall -MD -Wsign-compare -Wno-cast-qual -Wno-error -D__KERNEL__ -DMODULE -DNVRM -DNV_VERSION_STRING=\"390.154\" -Wno-unused-function -Wuninitialized -fno-strict-aliasing -mno-red-zone -mcmodel=kernel -DNV_UVM_ENABLE -Wno-sign-compare -Wno-format-extra-args -Werror=undef -DNV_SPECTRE_V2=0 -DNV_KERNEL_INTERFACE_LAYER -I/var/lib/dkms/nvidia/390.154/build/nvidia -DNV_BUILD_MODULE_INSTANCES=0 -DNVIDIA_UNDEF_LEGACY_BIT_MACROS -UDEBUG -U_DEBUG -DNDEBUG  -DMODULE  -DKBUILD_BASENAME='"nv_cray"' -DKBUILD_MODNAME='"nvidia"' -D__KBUILD_MODNAME=kmod_nvidia -c -o /var/lib/dkms/nvidia/390.154/build/nvidia/nv-cray.o /var/lib/dkms/nvidia/390.154/build/nvidia/nv-cray.c   ; ./tools/objtool/objtool --hacks=jump_label --hacks=noinstr --orc --retpoline --rethunk --static-call --uaccess   --module /var/lib/dkms/nvidia/390.154/build/nvidia/nv-cray.o
In file included from ./include/linux/preempt.h:11,
                 from ./include/linux/spinlock.h:56,
                 from /var/lib/dkms/nvidia/390.154/build/common/inc/nv-lock.h:16,
                 from /var/lib/dkms/nvidia/390.154/build/common/inc/nv-linux.h:19,
                 from /var/lib/dkms/nvidia/390.154/build/nvidia/nv-acpi.c:15:
/var/lib/dkms/nvidia/390.154/build/nvidia/nv-acpi.c: In function ‘nv_acpi_add’:
/var/lib/dkms/nvidia/390.154/build/nvidia/nv-acpi.c:259:43: error: ‘struct acpi_device’ has no member named ‘children’
  259 |     list_for_each_safe(node, next, &device->children)
      |                                           ^~
./include/linux/list.h:643:21: note: in definition of macro ‘list_for_each_safe’
  643 |         for (pos = (head)->next, n = pos->next; \
      |                     ^~~~
./include/linux/list.h:643:32: warning: left-hand operand of comma expression has no effect [-Wunused-value]
  643 |         for (pos = (head)->next, n = pos->next; \
      |                                ^
/var/lib/dkms/nvidia/390.154/build/nvidia/nv-acpi.c:259:5: note: in expansion of macro ‘list_for_each_safe’
  259 |     list_for_each_safe(node, next, &device->children)
      |     ^~~~~~~~~~~~~~~~~~
/var/lib/dkms/nvidia/390.154/build/nvidia/nv-acpi.c:259:43: error: ‘struct acpi_device’ has no member named ‘children’
  259 |     list_for_each_safe(node, next, &device->children)
      |                                           ^~
./include/linux/list.h:644:34: note: in definition of macro ‘list_for_each_safe’
  644 |              !list_is_head(pos, (head)); \
      |                                  ^~~~
In file included from ./include/linux/container_of.h:5,
                 from ./include/linux/list.h:5:
/var/lib/dkms/nvidia/390.154/build/nvidia/nv-acpi.c:262:50: error: ‘struct acpi_device’ has no member named ‘node’; did you mean ‘fwnode’?
  262 |             list_entry(node, struct acpi_device, node);
      |                                                  ^~~~
./include/linux/build_bug.h:78:56: note: in definition of macro ‘__static_assert’
   78 | #define __static_assert(expr, msg, ...) _Static_assert(expr, msg)
      |                                                        ^~~~
./include/linux/container_of.h:19:9: note: in expansion of macro ‘static_assert’
   19 |         static_assert(__same_type(*(ptr), ((type *)0)->member) ||       \
      |         ^~~~~~~~~~~~~
./include/linux/container_of.h:19:23: note: in expansion of macro ‘__same_type’
   19 |         static_assert(__same_type(*(ptr), ((type *)0)->member) ||       \
      |                       ^~~~~~~~~~~
./include/linux/list.h:520:9: note: in expansion of macro ‘container_of’
  520 |         container_of(ptr, type, member)
      |         ^~~~~~~~~~~~
/var/lib/dkms/nvidia/390.154/build/nvidia/nv-acpi.c:262:13: note: in expansion of macro ‘list_entry’
  262 |             list_entry(node, struct acpi_device, node);
      |             ^~~~~~~~~~
././include/linux/compiler_types.h:298:27: error: expression in static assertion is not an integer
  298 | #define __same_type(a, b) __builtin_types_compatible_p(typeof(a), typeof(b))
      |                           ^~~~~~~~~~~~~~~~~~~~~~~~~~~~
./include/linux/build_bug.h:78:56: note: in definition of macro ‘__static_assert’
   78 | #define __static_assert(expr, msg, ...) _Static_assert(expr, msg)
      |                                                        ^~~~
./include/linux/container_of.h:19:9: note: in expansion of macro ‘static_assert’
   19 |         static_assert(__same_type(*(ptr), ((type *)0)->member) ||       \
      |         ^~~~~~~~~~~~~
./include/linux/container_of.h:19:23: note: in expansion of macro ‘__same_type’
   19 |         static_assert(__same_type(*(ptr), ((type *)0)->member) ||       \
      |                       ^~~~~~~~~~~
./include/linux/list.h:520:9: note: in expansion of macro ‘container_of’
  520 |         container_of(ptr, type, member)
      |         ^~~~~~~~~~~~
/var/lib/dkms/nvidia/390.154/build/nvidia/nv-acpi.c:262:13: note: in expansion of macro ‘list_entry’
  262 |             list_entry(node, struct acpi_device, node);
      |             ^~~~~~~~~~
In file included from ./include/uapi/linux/posix_types.h:5,
                 from ./include/uapi/linux/types.h:14,
                 from ./include/linux/types.h:6,
                 from ./include/linux/kasan-checks.h:5,
                 from ./include/asm-generic/rwonce.h:26,
                 from ./arch/x86/include/generated/asm/rwonce.h:1,
                 from ./include/linux/compiler.h:246,
                 from ./include/linux/export.h:33,
                 from ./include/linux/linkage.h:7,
                 from ./include/linux/preempt.h:10:
/var/lib/dkms/nvidia/390.154/build/nvidia/nv-acpi.c:262:50: error: ‘struct acpi_device’ has no member named ‘node’; did you mean ‘fwnode’?
  262 |             list_entry(node, struct acpi_device, node);
      |                                                  ^~~~
./include/linux/stddef.h:16:58: note: in definition of macro ‘offsetof’
   16 | #define offsetof(TYPE, MEMBER)  __builtin_offsetof(TYPE, MEMBER)
      |                                                          ^~~~~~
./include/linux/list.h:520:9: note: in expansion of macro ‘container_of’
  520 |         container_of(ptr, type, member)
      |         ^~~~~~~~~~~~
/var/lib/dkms/nvidia/390.154/build/nvidia/nv-acpi.c:262:13: note: in expansion of macro ‘list_entry’
  262 |             list_entry(node, struct acpi_device, node);
      |             ^~~~~~~~~~
/var/lib/dkms/nvidia/390.154/build/nvidia/nv-acpi.c: In function ‘nv_acpi_methods_uninit’:
/var/lib/dkms/nvidia/390.154/build/nvidia/nv-acpi.c:675:25: warning: unused variable ‘device’ [-Wunused-variable]
  675 |     struct acpi_device *device = NULL;
      |                         ^~~~~~
/var/lib/dkms/nvidia/390.154/build/nvidia/nv-acpi.c: In function ‘nv_acpi_ddc_method’:
/var/lib/dkms/nvidia/390.154/build/nvidia/nv-acpi.c:1267:43: error: ‘struct acpi_device’ has no member named ‘children’
 1267 |     list_for_each_safe(node, next, &device->children)
      |                                           ^~
./include/linux/list.h:643:21: note: in definition of macro ‘list_for_each_safe’
  643 |         for (pos = (head)->next, n = pos->next; \
      |                     ^~~~
./include/linux/list.h:643:32: warning: left-hand operand of comma expression has no effect [-Wunused-value]
  643 |         for (pos = (head)->next, n = pos->next; \
      |                                ^
/var/lib/dkms/nvidia/390.154/build/nvidia/nv-acpi.c:1267:5: note: in expansion of macro ‘list_for_each_safe’
 1267 |     list_for_each_safe(node, next, &device->children)
      |     ^~~~~~~~~~~~~~~~~~
/var/lib/dkms/nvidia/390.154/build/nvidia/nv-acpi.c:1267:43: error: ‘struct acpi_device’ has no member named ‘children’
 1267 |     list_for_each_safe(node, next, &device->children)
      |                                           ^~
./include/linux/list.h:644:34: note: in definition of macro ‘list_for_each_safe’
  644 |              !list_is_head(pos, (head)); \
      |                                  ^~~~
/var/lib/dkms/nvidia/390.154/build/nvidia/nv-acpi.c:1270:50: error: ‘struct acpi_device’ has no member named ‘node’; did you mean ‘fwnode’?
 1270 |             list_entry(node, struct acpi_device, node);
      |                                                  ^~~~
./include/linux/build_bug.h:78:56: note: in definition of macro ‘__static_assert’
   78 | #define __static_assert(expr, msg, ...) _Static_assert(expr, msg)
      |                                                        ^~~~
./include/linux/container_of.h:19:9: note: in expansion of macro ‘static_assert’
   19 |         static_assert(__same_type(*(ptr), ((type *)0)->member) ||       \
      |         ^~~~~~~~~~~~~
./include/linux/container_of.h:19:23: note: in expansion of macro ‘__same_type’
   19 |         static_assert(__same_type(*(ptr), ((type *)0)->member) ||       \
      |                       ^~~~~~~~~~~
./include/linux/list.h:520:9: note: in expansion of macro ‘container_of’
  520 |         container_of(ptr, type, member)
      |         ^~~~~~~~~~~~
/var/lib/dkms/nvidia/390.154/build/nvidia/nv-acpi.c:1270:13: note: in expansion of macro ‘list_entry’
 1270 |             list_entry(node, struct acpi_device, node);
      |             ^~~~~~~~~~
././include/linux/compiler_types.h:298:27: error: expression in static assertion is not an integer
  298 | #define __same_type(a, b) __builtin_types_compatible_p(typeof(a), typeof(b))
      |                           ^~~~~~~~~~~~~~~~~~~~~~~~~~~~
./include/linux/build_bug.h:78:56: note: in definition of macro ‘__static_assert’
   78 | #define __static_assert(expr, msg, ...) _Static_assert(expr, msg)
      |                                                        ^~~~
./include/linux/container_of.h:19:9: note: in expansion of macro ‘static_assert’
   19 |         static_assert(__same_type(*(ptr), ((type *)0)->member) ||       \
      |         ^~~~~~~~~~~~~
./include/linux/container_of.h:19:23: note: in expansion of macro ‘__same_type’
   19 |         static_assert(__same_type(*(ptr), ((type *)0)->member) ||       \
      |                       ^~~~~~~~~~~
./include/linux/list.h:520:9: note: in expansion of macro ‘container_of’
  520 |         container_of(ptr, type, member)
      |         ^~~~~~~~~~~~
/var/lib/dkms/nvidia/390.154/build/nvidia/nv-acpi.c:1270:13: note: in expansion of macro ‘list_entry’
 1270 |             list_entry(node, struct acpi_device, node);
      |             ^~~~~~~~~~
/var/lib/dkms/nvidia/390.154/build/nvidia/nv-acpi.c:1270:50: error: ‘struct acpi_device’ has no member named ‘node’; did you mean ‘fwnode’?
 1270 |             list_entry(node, struct acpi_device, node);
      |                                                  ^~~~
./include/linux/stddef.h:16:58: note: in definition of macro ‘offsetof’
   16 | #define offsetof(TYPE, MEMBER)  __builtin_offsetof(TYPE, MEMBER)
      |                                                          ^~~~~~
./include/linux/list.h:520:9: note: in expansion of macro ‘container_of’
  520 |         container_of(ptr, type, member)
      |         ^~~~~~~~~~~~
/var/lib/dkms/nvidia/390.154/build/nvidia/nv-acpi.c:1270:13: note: in expansion of macro ‘list_entry’
 1270 |             list_entry(node, struct acpi_device, node);
      |             ^~~~~~~~~~
make[2]: *** [scripts/Makefile.build:250: /var/lib/dkms/nvidia/390.154/build/nvidia/nv-acpi.o] Error 1
make[2]: *** Waiting for unfinished jobs....
  ./scripts/check-local-export /var/lib/dkms/nvidia/390.154/build/nvidia/nv-chrdev.o
   { echo ; echo '/var/lib/dkms/nvidia/390.154/build/nvidia/nv-chrdev.o: $(wildcard ./tools/objtool/objtool)' ; } >> /var/lib/dkms/nvidia/390.154/build/nvidia/.nv-chrdev.o.cmd
  ./scripts/check-local-export /var/lib/dkms/nvidia/390.154/build/nvidia/nv-cray.o
   { echo ; echo '/var/lib/dkms/nvidia/390.154/build/nvidia/nv-cray.o: $(wildcard ./tools/objtool/objtool)' ; } >> /var/lib/dkms/nvidia/390.154/build/nvidia/.nv-cray.o.cmd
  ./scripts/check-local-export /var/lib/dkms/nvidia/390.154/build/nvidia/nv.o
   { echo ; echo '/var/lib/dkms/nvidia/390.154/build/nvidia/nv.o: $(wildcard ./tools/objtool/objtool)' ; } >> /var/lib/dkms/nvidia/390.154/build/nvidia/.nv.o.cmd
make[1]: *** [Makefile:1992: /var/lib/dkms/nvidia/390.154/build] Error 2
make[1]: Leaving directory '/home/lidg/cmp/kernel/linux-6.1-rc8'
make: *** [Makefile:81: modules] Error 2
